
> starter_helpi@0.1.0 test
> react-scripts test --coverage

  console.error
    Warning: `ReactDOMTestUtils.act` is deprecated in favor of `React.act`. Import `act` from `react` instead of `react-dom/test-utils`. See https://react.dev/warnings/react-dom-test-utils for more info.

    [0m [90m 4 |[39m
     [90m 5 |[39m test([32m'renders learn react link'[39m[33m,[39m () [33m=>[39m {
    [31m[1m>[22m[39m[90m 6 |[39m   render([33m<[39m[33mApp[39m [33m/[39m[33m>[39m)[33m;[39m
     [90m   |[39m         [31m[1m^[22m[39m
     [90m 7 |[39m   [36mconst[39m linkElement [33m=[39m screen[33m.[39mgetByText([35m/learn react/i[39m)[33m;[39m
     [90m 8 |[39m   expect(linkElement)[33m.[39mtoBeInTheDocument()[33m;[39m
     [90m 9 |[39m })[33m;[39m[0m

      at printWarning (node_modules/react-dom/cjs/react-dom-test-utils.development.js:71:30)
      at error (node_modules/react-dom/cjs/react-dom-test-utils.development.js:45:7)
      at actWithWarning (node_modules/react-dom/cjs/react-dom-test-utils.development.js:1736:7)
      at node_modules/@testing-library/react/dist/act-compat.js:63:25
      at renderRoot (node_modules/@testing-library/react/dist/pure.js:159:26)
      at render (node_modules/@testing-library/react/dist/pure.js:246:10)
      at Object.<anonymous> (src/App.test.tsx:6:9)
      at TestScheduler.scheduleTests (node_modules/@jest/core/build/TestScheduler.js:333:13)
      at runJest (node_modules/@jest/core/build/runJest.js:404:19)
      at _run10000 (node_modules/@jest/core/build/cli/index.js:320:7)
      at runCLI (node_modules/@jest/core/build/cli/index.js:173:3)

FAIL src/App.test.tsx
  ✕ renders learn react link (78 ms)

  ● renders learn react link

    TestingLibraryElementError: Unable to find an element with the text: /learn react/i. This could be because the text is broken up by multiple elements. In this case, you can provide a function for your text matcher to make your matcher more flexible.

    Ignored nodes: comments, script, style
    [36m<body>[39m
      [36m<div>[39m
        [36m<div[39m
          [33mclass[39m=[32m"App"[39m
        [36m>[39m
          [36m<div[39m
            [33mclass[39m=[32m"container-fluid"[39m
            [33mstyle[39m=[32m"height: 100vh; margin: 0px; padding: 0px;"[39m
          [36m>[39m
            [36m<header[39m
              [33mclass[39m=[32m"App-Header"[39m
              [33mstyle[39m=[32m"padding: 20px; font-family: Palatino; font-size: 30px; font-weight: bold; position: relative; z-index: 10;"[39m
            [36m>[39m
              [36m<h1>[39m
                [36m<span[39m
                  [33mclass[39m=[32m"match-text"[39m
                [36m>[39m
                  [0mMatch-a  [0m
                [36m</span>[39m
                [36m<span[39m
                  [33mclass[39m=[32m"career-text"[39m
                [36m>[39m
                  [0m  Career[0m
                [36m</span>[39m
                [36m<div>[39m
                  [36m<p[39m
                    [33mstyle[39m=[32m"margin-top: 0px;"[39m
                  [36m/>[39m
                [36m</div>[39m
              [36m</h1>[39m
              [36m<div[39m
                [33mclass[39m=[32m"creators-info"[39m
              [36m>[39m
                [0mBrewed By: Morgan Nutto, Leah Marcelli, Kate Geiszler[0m
              [36m</div>[39m
              [36m<button[39m
                [33mclass[39m=[32m"about-creators-button btn btn-primary"[39m
                [33mtype[39m=[32m"button"[39m
              [36m>[39m
                [0mAbout the Creators[0m
              [36m</button>[39m
            [36m</header>[39m
            [36m<div[39m
              [33mclass[39m=[32m"home-container container"[39m
            [36m>[39m
              [36m<h2[39m
                [33mstyle[39m=[32m"font-family: Palatino; font-size: 30px; font-weight: bold;"[39m
              [36m>[39m
                [0mChoose the quiz you want to take![0m
              [36m</h2>[39m
              [36m<div[39m
                [33mclass[39m=[32m"row"[39m
              [36m>[39m
                [36m<div[39m
                  [33mclass[39m=[32m"custom-box col"[39m
                [36m>[39m
                  [36m<img[39m
                    [33msrc[39m=[32m"hot-coffee.svg"[39m
                    [33mstyle[39m=[32m"width: 100px; height: auto;"[39m
                  [36m/>[39m
                  [36m<h3>[39m
                    [0mMake Your Own Coffee![0m
                  [36m</h3>[39m
                  [36m<p>[39m
                    [0mTake it easy! Make your own coffee using hand-picked ingredients, unique to your interests and skills! Ideal for those looking for a quick assessment to assist in discovering a career that best fits.[0m
                  [36m</p>[39m
                  [36m<img[39m
                    [33malt[39m=[32m"loading coffee"[39m
                    [33mclass[39m=[32m"dancing-coffee"[39m
                    [33msrc[39m=[32m"coffee-lover-hot-coffee.gif"[39m
                  [36m/>[39m
                  [36m<button[39m
                    [33mclass[39m=[32m"btn btn-primary"[39m
                    [33mdisabled[39m=[32m""[39m
                    [33mstyle[39m=[32m"background-color: rgb(5, 50, 37); border-color: #053225; color: rgb(255, 255, 255);"[39m
                    [33mtype[39m=[32m"button"[39m
                  [36m>[39m
                    [0mStart Basic Quiz[0m
                  [36m</button>[39m
                [36m</div>[39m
                [36m<div[39m
                  [33mclass[39m=[32m"custom-box col"[39m
                [36m>[39m
                  [36m<img[39m
                    [33msrc[39m=[32m"croissant.svg"[39m
                    [33mstyle[39m=[32m"width: 100px; height: auto;"[39m
                  [36m/>[39m
                  [36m<h3>[39m
                    [0mMake Your Own Pastries![0m
                  [36m</h3>[39m
                  [36m<p>[39m
                    [0mGet your hands dirty! Bake your own pastries using hand-picked ingredients, unique to your interests and skills! Ideal for those committed to investing extra time to gain deeper insights into their ideal career trajectory.[0m
                  [36m</p>[39m
                  [36m<button[39m
                    [33mclass[39m=[32m"btn btn-primary"[39m
                    [33mdisabled[39m=[32m""[39m
                    [33mstyle[39m=[32m"background-color: rgb(5, 50, 37); border-color: #053225; color: rgb(255, 255, 255);"[39m
                    [33mtype[39m=[32m"button"[39m
                  [36m>[39m
                    [0mStart Detailed Quiz[0m
                  [36m</button>[39m
                  [36m<img[39m
                    [33malt[39m=[32m"loading coffee"[39m
                    [33mclass[39m=[32m"donut"[39m
                    [33msrc[39m=[32m"donut.gif"[39m
                  [36m/>[39m
                [36m</div>[39m
              [36m</div>[39m
              [36m<p[39m
                [33mstyle[39m=[32m"font-family: Palatino; font-weight: bold; padding: 10px;"[39m
              [36m>[39m
                [0mPlease insert your API Key below![0m
              [36m</p>[39m
              [36m<form[39m
                [33mclass[39m=[32m""[39m
              [36m>[39m
                [36m<div[39m
                  [33mstyle[39m=[32m"display: flex; align-items: center; gap: 10px; padding: 10px;"[39m
                [36m>[39m
                  [36m<input[39m
                    [33mclass[39m=[32m"form-control"[39m
                    [33mplaceholder[39m=[32m"Insert API Key Here"[39m
                    [33mtype[39m=[32m"password"[39m
                  [36m/>[39m
                  [36m<button[39m
                    [33mclass[39m=[32m"Submit-Button btn btn-primary"[39m
                    [33mstyle[39m=[32m"background-color: rgb(5, 50, 37);"[39m
                    [33mtype[39m=[32m"button"[39m
                  [36m>[39m
                    [0mSubmit[0m
                  [36m</button>[39m
                [36m</div>[39m
              [36m</form>[39m
            [36m</div>[39m
          [36m</div>[39m
        [36m</div>[39m
      [36m</div>[39m
    [36m</body>[39m

    [0m [90m  5 |[39m test([32m'renders learn react link'[39m[33m,[39m () [33m=>[39m {
     [90m  6 |[39m   render([33m<[39m[33mApp[39m [33m/[39m[33m>[39m)[33m;[39m
    [31m[1m>[22m[39m[90m  7 |[39m   [36mconst[39m linkElement [33m=[39m screen[33m.[39mgetByText([35m/learn react/i[39m)[33m;[39m
     [90m    |[39m                              [31m[1m^[22m[39m
     [90m  8 |[39m   expect(linkElement)[33m.[39mtoBeInTheDocument()[33m;[39m
     [90m  9 |[39m })[33m;[39m
     [90m 10 |[39m[0m

      at Object.getElementError (node_modules/@testing-library/react/node_modules/@testing-library/dom/dist/config.js:37:19)
      at node_modules/@testing-library/react/node_modules/@testing-library/dom/dist/query-helpers.js:76:38
      at node_modules/@testing-library/react/node_modules/@testing-library/dom/dist/query-helpers.js:52:17
      at getByText (node_modules/@testing-library/react/node_modules/@testing-library/dom/dist/query-helpers.js:95:19)
      at Object.<anonymous> (src/App.test.tsx:7:30)
      at TestScheduler.scheduleTests (node_modules/@jest/core/build/TestScheduler.js:333:13)
      at runJest (node_modules/@jest/core/build/runJest.js:404:19)
      at _run10000 (node_modules/@jest/core/build/cli/index.js:320:7)
      at runCLI (node_modules/@jest/core/build/cli/index.js:173:3)

[0;33mOne of your dependencies, babel-preset-react-app, is importing the
"@babel/plugin-proposal-private-property-in-object" package without
declaring it in its dependencies. This is currently working because
"@babel/plugin-proposal-private-property-in-object" is already in your
node_modules folder for unrelated reasons, but it [1mmay break at any time[0;33m.

babel-preset-react-app is part of the create-react-app project, [1mwhich
is not maintianed anymore[0;33m. It is thus unlikely that this bug will
ever be fixed. Add "@babel/plugin-proposal-private-property-in-object" to
your devDependencies to work around this error. This will make this message
go away.[0m
  
----------------------|---------|----------|---------|---------|-------------------
File                  | % Stmts | % Branch | % Funcs | % Lines | Uncovered Line #s 
----------------------|---------|----------|---------|---------|-------------------
All files             |   10.91 |     1.56 |    5.12 |   10.91 |                   
 AboutMe.tsx          |       0 |      100 |       0 |       0 | 8-14              
 App.tsx              |     100 |      100 |     100 |     100 |                   
 BasicQuiz.tsx        |    5.12 |        0 |       0 |    5.12 | 56-129            
 DetailedQuiz.tsx     |    5.26 |        0 |       0 |    5.26 | 138-208           
 basic-results.tsx    |    2.85 |        0 |       0 |    2.85 | 10-178            
 detailed-results.tsx |    3.57 |        0 |       0 |    3.57 | 9-195             
 home.tsx             |   63.15 |       25 |   16.66 |   63.15 | 20,23,27,31,35-37 
 index.tsx            |       0 |      100 |     100 |       0 | 7-19              
 reportWebVitals.ts   |       0 |        0 |       0 |       0 | 3-10              
----------------------|---------|----------|---------|---------|-------------------
Test Suites: 1 failed, 1 total
Tests:       1 failed, 1 total
Snapshots:   0 total
Time:        3.53 s
Ran all test suites.
